../Drivers/CMSIS/Include/core_cm3.h:1876:26:ITM_SendChar	16	static,ignoring_inline_asm
../Core/Src/main.c:70:5:_write	32	static
../Core/Src/main.c:78:6:send_debug_CDC	56	dynamic
../Core/Src/main.c:93:6:modbus	56	static
../Core/Src/main.c:108:6:request_modbus	32	static
../Core/Src/main.c:141:6:HAL_UARTEx_RxEventCallback	16	static
../Core/Src/main.c:151:5:main	16	static
../Core/Src/main.c:200:6:SystemClock_Config	88	static
../Core/Src/main.c:247:13:MX_USART1_UART_Init	8	static
../Core/Src/main.c:280:13:MX_USART2_UART_Init	8	static
../Core/Src/main.c:313:13:MX_GPIO_Init	40	static
../Core/Src/main.c:353:6:Error_Handler	4	static,ignoring_inline_asm
