../Drivers/CMSIS/Include/core_cm3.h:1876:26:ITM_SendChar	16	static,ignoring_inline_asm
../Core/Src/main.c:68:5:_write	32	static
../Core/Src/main.c:76:6:send_debug_CDC	56	dynamic
../Core/Src/main.c:91:6:modbus	56	static
../Core/Src/main.c:103:6:request_modbus	40	static
../Core/Src/main.c:142:6:HAL_UARTEx_RxEventCallback	16	static
../Core/Src/main.c:152:5:main	16	static
../Core/Src/main.c:207:6:SystemClock_Config	88	static
../Core/Src/main.c:254:13:MX_USART1_UART_Init	8	static
../Core/Src/main.c:287:13:MX_GPIO_Init	40	static
../Core/Src/main.c:327:6:Error_Handler	4	static,ignoring_inline_asm
